// Jest Snapshot v1, https://goo.gl/fbAQLP

exports[`Buy ActionModal matches snapshot 1`] = `
<div
  class="css-0"
>
  <div
    class="css-u6v8er"
  >
    <div
      class="boardSpace property css-0"
      style="background: rgb(0, 0, 255);"
    >
      <div
        class="boardBackground"
      />
      <div
        class="propertyContent"
      >
        <div
          class="css-1lads1q"
        />
        <div
          class="propertyText"
        >
          Property 1
        </div>
        <div
          class="propertyPrice"
        >
          £100
        </div>
      </div>
    </div>
  </div>
  <hr
    aria-orientation="horizontal"
    class="chakra-divider css-1g0y1ze"
  />
  <div
    class="css-ey3b4m"
  >
    <h2
      class="chakra-heading css-0"
    >
      Property 1
       - 
      £100
    </h2>
    <p
      class="chakra-text css-1w7ybou"
    >
      Rent Unimproved: 
      £0
      <br />
      Rent 1 House: 
      £100
      <br />
      Rent 2 Houses: 
      £200
      <br />
      Rent 3 Houses: 
      £300
      <br />
      Rent 4 Houses: 
      £400
      <br />
      Rent Hotel: 
      £500
    </p>
  </div>
  <div
    class="css-1gnc3qn"
  >
    <button
      class="chakra-button css-uxt1e8"
      type="button"
    >
      Buy
    </button>
    <button
      class="chakra-button css-uxt1e8"
      type="button"
    >
      No thanks
    </button>
  </div>
</div>
`;
