// Jest Snapshot v1, https://goo.gl/fbAQLP

exports[`Go to Jail Board Space matches snapshot 1`] = `
<div
  class="boardSpace square goToJail"
>
  <div
    class="rotate bottomRight"
  >
    Go to
    <div
      class="css-0"
    >
      <p
        class="chakra-text css-n2bes8"
      >
        🤦
      </p>
    </div>
    Jail
  </div>
</div>
`;
